// Jest Snapshot v1, https://goo.gl/fbAQLP

exports[`SPEC-UX-001 theme tokens grayscale palette structure is preserved 1`] = `
{
  "100": "#f3f4f6",
  "200": "#e5e7eb",
  "300": "#d1d5db",
  "400": "#9ca3af",
  "50": "#f9fafb",
  "500": "#6b7280",
  "600": "#4b5563",
  "700": "#374151",
  "800": "#1f2937",
  "900": "#111827",
}
`;
